
> frontx-showcase@0.2.3 build
> tsc --noEmit && npm run build:showcase && astro build


> frontx-showcase@0.2.3 build:showcase
> vite build --base /showcase/ --outDir public/showcase --emptyOutDir && node scripts/prepare-showcase.mjs

vite v6.4.3 building for production...
transforming...
✓ 4314 modules transformed.
rendering chunks...
computing gzip size...
public/showcase/index.html                                  0.67 kB │ gzip:   0.39 kB
public/showcase/assets/DatePickerShowcase-CB4VgAJS.css      2.37 kB │ gzip:   0.84 kB
public/showcase/assets/DateCalendar-Cmsy8smF.css           12.26 kB │ gzip:   2.49 kB
public/showcase/assets/CalendarShowcase-Jgbq9ut_.css       26.67 kB │ gzip:   5.47 kB
public/showcase/assets/index-BlG04QPe.css                 116.79 kB │ gzip:  19.58 kB
public/showcase/assets/DatePickerShowcase-wRpX2yHF.js      32.68 kB │ gzip:   8.04 kB
public/showcase/assets/DateCalendar-BqroVudk.js            80.24 kB │ gzip:  23.48 kB
public/showcase/assets/CalendarShowcase-BEUZk6af.js       434.74 kB │ gzip: 132.27 kB
public/showcase/assets/index-Bu21u8Gn.js                1,111.93 kB │ gzip: 331.67 kB

(!) Some chunks are larger than 500 kB after minification. Consider:
- Using dynamic import() to code-split the application
- Use build.rollupOptions.output.manualChunks to improve chunking: https://rollupjs.org/configuration-options/#output-manualchunks
- Adjust chunk size limit for this warning via build.chunkSizeWarningLimit.
✓ built in 3.98s
15:27:17 [types] Generated 19ms
15:27:17 [build] output: "static"
15:27:17 [build] mode: "static"
15:27:17 [build] directory: /Users/kortunov/Documents/Constructor Fabric/apps/frontx-showcase/dist/
15:27:17 [build] Collecting build info...
15:27:17 [build] ✓ Completed in 47ms.
15:27:17 [build] Building static entrypoints...
15:27:17 [vite] ✓ built in 83ms
15:27:17 [vite] ✓ built in 145ms
15:27:17 [build] Rearranging server assets...

 generating static routes 
15:27:17   ├─ /get-started/shell-mfe.md (+4ms) 
15:27:17   ├─ /get-started/index.html (+13ms) 
15:27:17   ├─ /libraries/index.html (+3ms) 
15:27:17   ├─ /templates/shell/index.html (+2ms) 
15:27:17   ├─ /templates/mfe/index.html (+11ms) 
15:27:17   ├─ /templates/guardrails/index.html (+2ms) 
15:27:17   ├─ /templates/index.html (+3ms) 
15:27:17   ├─ /index.html (+23ms) 
15:27:17 ✓ Completed in 122ms.

15:27:17 [build] ✓ Completed in 365ms.
15:27:17 [build] 7 page(s) built in 415ms
15:27:17 [build] Complete!
