
> @gears-frontx/frontx-template-shell@0.1.0-alpha.5 build
> npm run build:mfes && npm run generate:mfe-manifests && vite build


> @gears-frontx/frontx-template-shell@0.1.0-alpha.5 prebuild:mfes
> npm run build:packages


> @gears-frontx/frontx-template-shell@0.1.0-alpha.5 prebuild:packages
> npm run build:package


> @gears-frontx/frontx-template-shell@0.1.0-alpha.5 build:package
> tsup

CLI Building entry: {"index":"src/index.ts","build/mf-gts":"src/build/mf-gts.ts"}
CLI Using tsconfig: tsconfig.json
CLI tsup v8.5.1
CLI Using tsup config: /private/tmp/frontx-quickstart.x0H65i/consumer/tsup.config.ts
CLI Target: es2022
CLI Cleaning output folder
CJS Build start
ESM Build start
ESM dist-lib/index.js            12.63 KB
ESM dist-lib/build/mf-gts.js     30.57 KB
ESM dist-lib/index.js.map        27.36 KB
ESM dist-lib/build/mf-gts.js.map 76.01 KB
ESM ⚡️ Build success in 105ms
CJS dist-lib/build/mf-gts.cjs     32.81 KB
CJS dist-lib/index.cjs            13.85 KB
CJS dist-lib/index.cjs.map        27.76 KB
CJS dist-lib/build/mf-gts.cjs.map 76.10 KB
CJS ⚡️ Build success in 105ms
DTS Build start
DTS ⚡️ Build success in 1827ms
DTS dist-lib/build/mf-gts.d.cts 13.29 KB
DTS dist-lib/index.d.cts        8.36 KB
DTS dist-lib/build/mf-gts.d.ts  13.29 KB
DTS dist-lib/index.d.ts         8.36 KB

> @gears-frontx/frontx-template-shell@0.1.0-alpha.5 build:packages
> npm run build:packages:auth && npm run build:packages:state && npm run build:packages:i18n && npm run build:packages:framework && npm run build:packages:react && npm run build:packages:studio


> @gears-frontx/frontx-template-shell@0.1.0-alpha.5 build:packages:auth
> npm run build --workspace=@gears-frontx/auth


> @gears-frontx/auth@0.2.0-alpha.2 build
> tsup

CLI Building entry: {"index":"src/index.ts","types":"src/types.ts"}
CLI Using tsconfig: tsconfig.json
CLI tsup v8.5.1
CLI Using tsup config: /private/tmp/frontx-quickstart.x0H65i/consumer/packages/auth/tsup.config.ts
CLI Target: es2022
CLI Cleaning output folder
CJS Build start
ESM Build start
ESM dist/types.js     33.00 B
ESM dist/index.js     33.00 B
ESM dist/types.js.map 71.00 B
ESM dist/index.js.map 71.00 B
ESM ⚡️ Build success in 22ms
CJS dist/index.cjs     788.00 B
CJS dist/types.cjs     792.00 B
CJS dist/index.cjs.map 897.00 B
CJS dist/types.cjs.map 9.83 KB
CJS ⚡️ Build success in 23ms
DTS Build start
DTS ⚡️ Build success in 1411ms
DTS dist/types.d.cts 7.72 KB
DTS dist/index.d.cts 666.00 B
DTS dist/types.d.ts  7.72 KB
DTS dist/index.d.ts  665.00 B

> @gears-frontx/frontx-template-shell@0.1.0-alpha.5 build:packages:state
> npm run build --workspace=@gears-frontx/state


> @gears-frontx/state@0.2.0-alpha.1 build
> tsup

CLI Building entry: src/index.ts, src/types.ts
CLI Using tsconfig: tsconfig.json
CLI tsup v8.5.1
CLI Using tsup config: /private/tmp/frontx-quickstart.x0H65i/consumer/packages/state/tsup.config.ts
CLI Target: es2022
CLI Cleaning output folder
ESM Build start
CJS Build start
CJS dist/types.cjs     792.00 B
CJS dist/index.cjs     7.43 KB
CJS dist/index.cjs.map 23.08 KB
CJS dist/types.cjs.map 13.58 KB
CJS ⚡️ Build success in 24ms
ESM dist/index.js     6.10 KB
ESM dist/types.js     33.00 B
ESM dist/index.js.map 22.97 KB
ESM dist/types.js.map 71.00 B
ESM ⚡️ Build success in 24ms
DTS Build start
DTS ⚡️ Build success in 1343ms
DTS dist/index.d.ts  5.62 KB
DTS dist/types.d.ts  10.65 KB
DTS dist/index.d.cts 5.63 KB
DTS dist/types.d.cts 10.65 KB

> @gears-frontx/frontx-template-shell@0.1.0-alpha.5 build:packages:i18n
> npm run build --workspace=@gears-frontx/i18n


> @gears-frontx/i18n@0.2.0-alpha.1 build
> tsup

CLI Building entry: {"index":"src/index.ts","types":"src/types.ts"}
CLI Using tsconfig: tsconfig.json
CLI tsup v8.5.1
CLI Using tsup config: /private/tmp/frontx-quickstart.x0H65i/consumer/packages/i18n/tsup.config.ts
CLI Target: es2022
CLI Cleaning output folder
CJS Build start
ESM Build start
CJS dist/index.cjs     28.45 KB
CJS dist/types.cjs     3.32 KB
CJS dist/index.cjs.map 61.43 KB
CJS dist/types.cjs.map 10.82 KB
CJS ⚡️ Build success in 28ms
ESM dist/index.js     26.44 KB
ESM dist/types.js     1.99 KB
ESM dist/index.js.map 59.80 KB
ESM dist/types.js.map 10.75 KB
ESM ⚡️ Build success in 28ms
DTS Build start
DTS ⚡️ Build success in 1295ms
DTS dist/index.d.cts 11.21 KB
DTS dist/types.d.cts 8.19 KB
DTS dist/index.d.ts  11.21 KB
DTS dist/types.d.ts  8.19 KB

> @gears-frontx/frontx-template-shell@0.1.0-alpha.5 build:packages:framework
> npm run build --workspace=@gears-frontx/framework


> @gears-frontx/framework@0.2.0-alpha.10 build
> tsup

CLI Building entry: {"index":"src/index.ts","types":"src/types.ts","testing":"src/testing.ts","internal":"src/internal.ts"}
CLI Using tsconfig: tsconfig.json
CLI tsup v8.5.1
CLI Using tsup config: /private/tmp/frontx-quickstart.x0H65i/consumer/packages/framework/tsup.config.ts
CLI Target: es2022
CLI Cleaning output folder
CJS Build start
ESM Build start
ESM dist/index.js              58.45 KB
ESM dist/types.js              33.00 B
ESM dist/testing.js            8.12 KB
ESM dist/chunk-AZ2BNYUN.js     28.65 KB
ESM dist/internal.js           375.00 B
ESM dist/chunk-D3LRZABL.js     22.49 KB
ESM dist/types.js.map          71.00 B
ESM dist/index.js.map          172.57 KB
ESM dist/testing.js.map        19.96 KB
ESM dist/chunk-AZ2BNYUN.js.map 60.03 KB
ESM dist/internal.js.map       71.00 B
ESM dist/chunk-D3LRZABL.js.map 48.70 KB
ESM ⚡️ Build success in 168ms
CJS dist/testing.cjs            10.66 KB
CJS dist/types.cjs              47.00 B
CJS dist/internal.cjs           609.00 B
CJS dist/chunk-BXLLQYXW.cjs     24.24 KB
CJS dist/index.cjs              64.10 KB
CJS dist/chunk-QM256SIC.cjs     31.64 KB
CJS dist/internal.cjs.map       322.00 B
CJS dist/types.cjs.map          227.00 B
CJS dist/testing.cjs.map        23.21 KB
CJS dist/chunk-BXLLQYXW.cjs.map 46.08 KB
CJS dist/chunk-QM256SIC.cjs.map 54.03 KB
CJS dist/index.cjs.map          161.34 KB
CJS ⚡️ Build success in 171ms
DTS Build start
DTS ⚡️ Build success in 2666ms
DTS dist/types.d.cts                          15.06 KB
DTS dist/testing.d.cts                        4.38 KB
DTS dist/index.d.cts                          45.28 KB
DTS dist/internal.d.cts                       336.00 B
DTS dist/TestContainerProvider-BppEeMOy.d.cts 3.43 KB
DTS dist/internal-Cfn7Lb73.d.cts              6.96 KB
DTS dist/types.d.ts                           15.06 KB
DTS dist/testing.d.ts                         4.37 KB
DTS dist/index.d.ts                           45.28 KB
DTS dist/internal.d.ts                        335.00 B
DTS dist/TestContainerProvider-dunc2KlI.d.ts  3.43 KB
DTS dist/internal-Cfn7Lb73.d.ts               6.96 KB

> @gears-frontx/frontx-template-shell@0.1.0-alpha.5 build:packages:react
> npm run build --workspace=@gears-frontx/react


> @gears-frontx/react@0.2.0-alpha.10 build
> tsup

CLI Building entry: {"index":"src/index.ts","testing":"src/testing.ts","types":"src/types.ts"}
CLI Using tsconfig: tsconfig.json
CLI tsup v8.5.1
CLI Using tsup config: /private/tmp/frontx-quickstart.x0H65i/consumer/packages/react/tsup.config.ts
CLI Target: es2022
CLI Cleaning output folder
CJS Build start
ESM Build start
CJS dist/index.cjs       64.30 KB
CJS dist/testing.cjs     3.23 KB
CJS dist/types.cjs       792.00 B
CJS dist/index.cjs.map   189.02 KB
CJS dist/types.cjs.map   7.95 KB
CJS dist/testing.cjs.map 30.61 KB
CJS ⚡️ Build success in 56ms
ESM dist/testing.js     1.55 KB
ESM dist/index.js       54.38 KB
ESM dist/types.js       33.00 B
ESM dist/testing.js.map 30.70 KB
ESM dist/index.js.map   190.53 KB
ESM dist/types.js.map   71.00 B
ESM ⚡️ Build success in 56ms
DTS Build start
DTS ⚡️ Build success in 2220ms
DTS dist/index.d.cts            51.67 KB
DTS dist/types.d.cts            512.00 B
DTS dist/testing.d.cts          340.00 B
DTS dist/types-JtpziA_B.d.cts   6.97 KB
DTS dist/testing-Dlmfu6tE.d.cts 2.86 KB
DTS dist/index.d.ts             51.67 KB
DTS dist/types.d.ts             511.00 B
DTS dist/testing.d.ts           339.00 B
DTS dist/types-JtpziA_B.d.ts    6.97 KB
DTS dist/testing-Dlmfu6tE.d.ts  2.86 KB

> @gears-frontx/frontx-template-shell@0.1.0-alpha.5 build:packages:studio
> npm run build --workspace=@gears-frontx/studio


> @gears-frontx/studio@0.2.0-alpha.2 build
> tsup

CLI Building entry: src/index.ts
CLI Using tsconfig: tsconfig.json
CLI tsup v8.5.1
CLI Using tsup config: /private/tmp/frontx-quickstart.x0H65i/consumer/packages/studio/tsup.config.ts
CLI Target: es2020
CLI Cleaning output folder
ESM Build start
CJS Build start
CJS dist/index.cjs     80.28 KB
CJS dist/index.cjs.map 130.73 KB
CJS ⚡️ Build success in 202ms
ESM dist/index.js     78.12 KB
ESM dist/index.js.map 130.30 KB
ESM ⚡️ Build success in 202ms
✓ Copied i18n files to dist
DTS Build start
DTS ⚡️ Build success in 2016ms
DTS dist/index.d.ts  3.02 KB
DTS dist/index.d.cts 3.02 KB

> @gears-frontx/frontx-template-shell@0.1.0-alpha.5 build:mfes
> npx tsx scripts/build-mfes.ts

Found 4 MFE package(s):
  - _blank-mfe
  - demo-mfe
  - widgets-fixture-a
  - widgets-fixture-b

📦 Building MFE packages...

vite v6.4.3 building for production...
transforming...

warn - The `content` option in your Tailwind CSS configuration is missing or empty.
warn - Configure your content sources or your generated CSS will be missing styles.
warn - https://tailwindcss.com/docs/content-configuration
✓ 4328 modules transformed.
[frontx-mf-gts] transformed 36 dynamic import(s) in assets/lifecycle-!~{005}~.js
rendering chunks...
[ Module Federation DTS ] Federated types created correctly
computing gzip size...
dist/index.html                                                                                  0.50 kB │ gzip:  0.33 kB
dist/mf-manifest.json                                                                            1.52 kB │ gzip:  0.45 kB
dist/mf-stats.json                                                                               6.31 kB │ gzip:  0.93 kB
dist/.vite/manifest.json                                                                         9.86 kB │ gzip:  1.17 kB
dist/assets/lifecycle-CQhNG4Xf.css                                                               3.82 kB │ gzip:  1.04 kB
dist/assets/_virtual_mf-localSharedImportMap___mfe_internal__blankMfe__mf_owner__1-CU2tP-iO.js   0.09 kB │ gzip:  0.10 kB
dist/assets/ar-nL6_O5us.js                                                                       0.38 kB │ gzip:  0.23 kB
dist/assets/bn-D5EVqBpG.js                                                                       0.38 kB │ gzip:  0.23 kB
dist/assets/cs-BBCWjOov.js                                                                       0.38 kB │ gzip:  0.23 kB
dist/assets/da-nL6_O5us.js                                                                       0.38 kB │ gzip:  0.23 kB
dist/assets/de-D5EVqBpG.js                                                                       0.38 kB │ gzip:  0.23 kB
dist/assets/el-D5EVqBpG.js                                                                       0.38 kB │ gzip:  0.23 kB
dist/assets/en-D5EVqBpG.js                                                                       0.38 kB │ gzip:  0.23 kB
dist/assets/fa-nL6_O5us.js                                                                       0.38 kB │ gzip:  0.23 kB
dist/assets/fi-D5EVqBpG.js                                                                       0.38 kB │ gzip:  0.23 kB
dist/assets/fr-D5EVqBpG.js                                                                       0.38 kB │ gzip:  0.23 kB
dist/assets/he-D5EVqBpG.js                                                                       0.38 kB │ gzip:  0.23 kB
dist/assets/hi-D5EVqBpG.js                                                                       0.38 kB │ gzip:  0.23 kB
dist/assets/hu-D5EVqBpG.js                                                                       0.38 kB │ gzip:  0.23 kB
dist/assets/id-D5EVqBpG.js                                                                       0.38 kB │ gzip:  0.23 kB
dist/assets/it-D5EVqBpG.js                                                                       0.38 kB │ gzip:  0.23 kB
dist/assets/ja-nL6_O5us.js                                                                       0.38 kB │ gzip:  0.23 kB
dist/assets/ko-D5EVqBpG.js                                                                       0.38 kB │ gzip:  0.23 kB
dist/assets/ms-BBCWjOov.js                                                                       0.38 kB │ gzip:  0.23 kB
dist/assets/nl-D5EVqBpG.js                                                                       0.38 kB │ gzip:  0.23 kB
dist/assets/no-D5EVqBpG.js                                                                       0.38 kB │ gzip:  0.23 kB
dist/assets/pl-D5EVqBpG.js                                                                       0.38 kB │ gzip:  0.23 kB
dist/assets/pt-D5EVqBpG.js                                                                       0.38 kB │ gzip:  0.23 kB
dist/assets/ro-D5EVqBpG.js                                                                       0.38 kB │ gzip:  0.23 kB
dist/assets/ru-D5EVqBpG.js                                                                       0.38 kB │ gzip:  0.23 kB
dist/assets/sv-BBCWjOov.js                                                                       0.38 kB │ gzip:  0.23 kB
dist/assets/sw-BBCWjOov.js                                                                       0.38 kB │ gzip:  0.23 kB
dist/assets/ta-nL6_O5us.js                                                                       0.38 kB │ gzip:  0.23 kB
dist/assets/th-D5EVqBpG.js                                                                       0.38 kB │ gzip:  0.23 kB
dist/assets/tl-D5EVqBpG.js                                                                       0.38 kB │ gzip:  0.23 kB
dist/assets/tr-D5EVqBpG.js                                                                       0.38 kB │ gzip:  0.23 kB
dist/assets/uk-D5EVqBpG.js                                                                       0.38 kB │ gzip:  0.23 kB
dist/assets/ur-D5EVqBpG.js                                                                       0.38 kB │ gzip:  0.23 kB
dist/assets/vi-D5EVqBpG.js                                                                       0.38 kB │ gzip:  0.23 kB
dist/assets/zh-TW-D5EVqBpG.js                                                                    0.38 kB │ gzip:  0.23 kB
dist/assets/zh-D5EVqBpG.js                                                                       0.38 kB │ gzip:  0.23 kB
dist/assets/es-CboOVgOW.js                                                                       0.39 kB │ gzip:  0.23 kB
dist/assets/virtualExposes-DsVTbxK5.js                                                           1.11 kB │ gzip:  0.66 kB
dist/assets/vite-preload-helper-bFjQlsqE.js                                                      1.29 kB │ gzip:  0.73 kB
dist/assets/hostInit-CKdbpwSs.js                                                                 2.25 kB │ gzip:  1.09 kB
dist/remoteEntry.js                                                                             13.36 kB │ gzip:  4.75 kB
dist/assets/lifecycle-Dl_gNwIm.js                                                               17.31 kB │ gzip:  5.53 kB
dist/assets/index-BEDcFE4N.js                                                                   61.99 kB │ gzip: 18.88 kB
✓ built in 8.77s
[frontx-mf-gts] Building shared deps as standalone ESM...
  [frontx-mf-gts] react -> react.js (standalone)
  [frontx-mf-gts] react-dom -> react-dom.js (external: react)
  [frontx-mf-gts] @gears-frontx/react -> gears-frontx-react.js (external: @gears-frontx/framework, @tanstack/react-query, react, react-dom, react-redux)
  [frontx-mf-gts] @gears-frontx/framework -> gears-frontx-framework.js (external: @gears-frontx/state, @gears-frontx/mfes, @gears-frontx/gts-plugin, @gears-frontx/api, @gears-frontx/i18n, @reduxjs/toolkit)
  [frontx-mf-gts] @gears-frontx/state -> gears-frontx-state.js (external: @reduxjs/toolkit)
  [frontx-mf-gts] @gears-frontx/mfes -> gears-frontx-mfes.js (external: @gears-frontx/gts-plugin)
  [frontx-mf-gts] @gears-frontx/gts-plugin -> gears-frontx-gts-plugin.js (external: @gears-frontx/mfes)
  [frontx-mf-gts] @gears-frontx/api -> gears-frontx-api.js (standalone)
  [frontx-mf-gts] @gears-frontx/i18n -> gears-frontx-i18n.js (standalone)
  [frontx-mf-gts] @tanstack/react-query -> tanstack-react-query.js (external: react)
  [frontx-mf-gts] @reduxjs/toolkit -> reduxjs-toolkit.js (external: react, react-redux)
  [frontx-mf-gts] react-redux -> react-redux.js (external: react)
[frontx-mf-gts] Shared deps build complete.
[frontx-mf-gts] enriched /private/tmp/frontx-quickstart.x0H65i/consumer/src-app/mfe_packages/_blank-mfe/dist/mfe-manifest.json
npm warn config ignoring workspace config at /private/tmp/frontx-quickstart.x0H65i/consumer/src-app/mfe_packages/demo-mfe/.npmrc
vite v6.4.3 building for production...
transforming...

warn - The `content` option in your Tailwind CSS configuration is missing or empty.
warn - Configure your content sources or your generated CSS will be missing styles.
warn - https://tailwindcss.com/docs/content-configuration
✓ 4462 modules transformed.
[frontx-mf-gts] transformed 36 dynamic import(s) in assets/lifecycle-theme-!~{01n}~.js
rendering chunks...
[frontx-mf-gts] transformed 36 dynamic import(s) in assets/lifecycle-helloworld-!~{005}~.js
[frontx-mf-gts] transformed 36 dynamic import(s) in assets/lifecycle-profile-!~{00K}~.js
[frontx-mf-gts] transformed 43 dynamic import(s) in assets/lifecycle-uikit-!~{01Y}~.js
[ Module Federation DTS ] Federated types created correctly
computing gzip size...
dist/index.html                                                                                 0.50 kB │ gzip:  0.33 kB
dist/mf-manifest.json                                                                           5.30 kB │ gzip:  1.93 kB
dist/mf-stats.json                                                                             26.11 kB │ gzip:  4.21 kB
dist/.vite/manifest.json                                                                       46.51 kB │ gzip:  5.43 kB
dist/assets/LayoutElements-DdRRkJW4.css                                                         0.25 kB │ gzip:  0.16 kB
dist/assets/lifecycle-helloworld-DhDcoe92.css                                                   1.33 kB │ gzip:  0.44 kB
dist/assets/lifecycle-profile-CVruDmYN.css                                                      1.99 kB │ gzip:  0.58 kB
dist/assets/OverlayElements-Bc0Ozirz.css                                                        2.60 kB │ gzip:  0.84 kB
dist/assets/NavigationElements-cfpjow2j.css                                                     2.72 kB │ gzip:  0.84 kB
dist/assets/ActionElements-DBma8PEf.css                                                         4.60 kB │ gzip:  1.03 kB
dist/assets/field-CXmNhXM6.css                                                                  5.97 kB │ gzip:  1.43 kB
dist/assets/kitThemeScope-ai-MhsHR.css                                                          6.54 kB │ gzip:  1.60 kB
dist/assets/DataDisplayElements-_4hUeBwu.css                                                    6.75 kB │ gzip:  1.65 kB
dist/assets/lifecycle-uikit-C-1zlofZ.css                                                        8.17 kB │ gzip:  2.07 kB
dist/assets/FormElements-DBqxBz_r.css                                                           9.81 kB │ gzip:  2.04 kB
dist/assets/_virtual_mf-localSharedImportMap___mfe_internal__demoMfe__mf_owner__1-CU2tP-iO.js   0.09 kB │ gzip:  0.10 kB
dist/assets/useBaseUiId-Dkmfr4gS.js                                                             0.10 kB │ gzip:  0.11 kB
dist/assets/DirectionContext-BVOJ-k3T.js                                                        0.13 kB │ gzip:  0.13 kB
dist/assets/useControlled-_Yph1Ps1.js                                                           0.21 kB │ gzip:  0.19 kB
dist/assets/Separator-D6NVxUuW.js                                                               0.29 kB │ gzip:  0.23 kB
dist/assets/ElementDemo-B8AKETO0.js                                                             0.39 kB │ gzip:  0.25 kB
dist/assets/extension-ids-jkqADePt.js                                                           0.66 kB │ gzip:  0.24 kB
dist/assets/useTransitionStatus-CgHQiXBs.js                                                     0.70 kB │ gzip:  0.36 kB
dist/assets/zh-BYnBrnUr.js                                                                      0.97 kB │ gzip:  0.60 kB
dist/assets/zh-TW-DN_hrcXc.js                                                                   0.97 kB │ gzip:  0.60 kB
dist/assets/no-BfW4tPPx.js                                                                      0.98 kB │ gzip:  0.52 kB
dist/assets/da-Cv_8USjG.js                                                                      0.99 kB │ gzip:  0.53 kB
dist/assets/ms-D3lccp65.js                                                                      0.99 kB │ gzip:  0.52 kB
dist/assets/pl-BftvLKBu.js                                                                      0.99 kB │ gzip:  0.55 kB
dist/assets/cs-BD3tecbQ.js                                                                      0.99 kB │ gzip:  0.55 kB
dist/assets/id-DcEBrx20.js                                                                      0.99 kB │ gzip:  0.53 kB
dist/assets/pt-CrdL-uZY.js                                                                      1.00 kB │ gzip:  0.54 kB
dist/assets/sv-DdhlVotb.js                                                                      1.00 kB │ gzip:  0.54 kB
dist/assets/nl-BXebFbSu.js                                                                      1.00 kB │ gzip:  0.53 kB
dist/assets/tr-HlgEfuWV.js                                                                      1.00 kB │ gzip:  0.57 kB
dist/assets/ro-BqRFYdQz.js                                                                      1.01 kB │ gzip:  0.54 kB
dist/assets/fi-CkmQFe6U.js                                                                      1.01 kB │ gzip:  0.55 kB
dist/assets/sw-B_zkDsgO.js                                                                      1.03 kB │ gzip:  0.54 kB
dist/assets/es-C6fijouW.js                                                                      1.03 kB │ gzip:  0.56 kB
dist/assets/fr-HZknqYZq.js                                                                      1.03 kB │ gzip:  0.56 kB
dist/assets/tl-1FdDheSc.js                                                                      1.04 kB │ gzip:  0.54 kB
dist/assets/it-CqHp8GA7.js                                                                      1.04 kB │ gzip:  0.56 kB
dist/assets/de-Cs7LFHCQ.js                                                                      1.05 kB │ gzip:  0.56 kB
dist/assets/hu-DKNOtbUy.js                                                                      1.06 kB │ gzip:  0.59 kB
dist/assets/ko-BgUoGx7z.js                                                                      1.07 kB │ gzip:  0.65 kB
dist/assets/zh-TW-pApU_JdR.js                                                                   1.09 kB │ gzip:  0.56 kB
dist/assets/zh-BLvEAXaM.js                                                                      1.09 kB │ gzip:  0.56 kB
dist/assets/ms-Bjp1Kvlh.js                                                                      1.10 kB │ gzip:  0.51 kB
dist/assets/pt-CAG_n5-I.js                                                                      1.10 kB │ gzip:  0.52 kB
dist/assets/vi-Dlo8igjh.js                                                                      1.10 kB │ gzip:  0.61 kB
dist/assets/no-dt8WIVRW.js                                                                      1.10 kB │ gzip:  0.51 kB
dist/assets/he-CzrU-8BU.js                                                                      1.10 kB │ gzip:  0.58 kB
dist/assets/id-ZvsMwaNJ.js                                                                      1.10 kB │ gzip:  0.51 kB
dist/assets/sv-DTfs2YuT.js                                                                      1.10 kB │ gzip:  0.52 kB
dist/assets/ja-BDLFvzX8.js                                                                      1.11 kB │ gzip:  0.63 kB
dist/assets/da-BUxu7QgU.js                                                                      1.11 kB │ gzip:  0.52 kB
dist/assets/ar-EWDCFe0F.js                                                                      1.12 kB │ gzip:  0.61 kB
dist/assets/cs-DVaZ8C6_.js                                                                      1.12 kB │ gzip:  0.54 kB
dist/assets/tr-CGhlh-gH.js                                                                      1.12 kB │ gzip:  0.54 kB
dist/assets/ro-CMRKi6Gk.js                                                                      1.12 kB │ gzip:  0.53 kB
dist/assets/it-YI7DEhxk.js                                                                      1.12 kB │ gzip:  0.53 kB
dist/assets/es-BIA-eOpy.js                                                                      1.12 kB │ gzip:  0.53 kB
dist/assets/hu-DCy_tbt3.js                                                                      1.12 kB │ gzip:  0.54 kB
dist/assets/nl-CtFWiB0k.js                                                                      1.13 kB │ gzip:  0.53 kB
dist/assets/fi-CZ-OyknE.js                                                                      1.13 kB │ gzip:  0.53 kB
dist/assets/en-Lwd3vUCL.js                                                                      1.13 kB │ gzip:  0.55 kB
dist/assets/no-CxZxIBSg.js                                                                      1.13 kB │ gzip:  0.57 kB
dist/assets/pl-CAB5fqRU.js                                                                      1.13 kB │ gzip:  0.55 kB
dist/assets/en-DOZSkZh7.js                                                                      1.13 kB │ gzip:  0.58 kB
dist/assets/tl-DV42YhKM.js                                                                      1.13 kB │ gzip:  0.52 kB
dist/assets/da-BM9y4Jip.js                                                                      1.13 kB │ gzip:  0.58 kB
dist/assets/sw-SbQboeNF.js                                                                      1.13 kB │ gzip:  0.52 kB
dist/assets/fr-Duy1S3H4.js                                                                      1.14 kB │ gzip:  0.54 kB
dist/assets/ko-sU293Mm1.js                                                                      1.14 kB │ gzip:  0.58 kB
dist/assets/de-BrS2Fbik.js                                                                      1.14 kB │ gzip:  0.54 kB
dist/assets/fa-CR0XO_Aq.js                                                                      1.14 kB │ gzip:  0.64 kB
dist/assets/it-Bc2c0FML.js                                                                      1.15 kB │ gzip:  0.57 kB
dist/assets/sv-Bcjn80NO.js                                                                      1.15 kB │ gzip:  0.58 kB
dist/assets/ja-C4s0DwXv.js                                                                      1.16 kB │ gzip:  0.59 kB
dist/assets/id-BQaBVdaz.js                                                                      1.16 kB │ gzip:  0.58 kB
dist/assets/ms-BkxTQUGT.js                                                                      1.16 kB │ gzip:  0.58 kB
dist/assets/pl-BYtwaLVu.js                                                                      1.17 kB │ gzip:  0.61 kB
dist/assets/es-BWytUjam.js                                                                      1.17 kB │ gzip:  0.59 kB
dist/assets/tl-UWsDnIpA.js                                                                      1.17 kB │ gzip:  0.58 kB
dist/assets/nl-BFg_Dii9.js                                                                      1.17 kB │ gzip:  0.59 kB
dist/assets/ur-B9UoadsK.js                                                                      1.17 kB │ gzip:  0.63 kB
dist/assets/ar-hb5GIeOK.js                                                                      1.18 kB │ gzip:  0.56 kB
dist/assets/fi-BYzFgjiJ.js                                                                      1.18 kB │ gzip:  0.60 kB
dist/assets/pt-DUAhvw_g.js                                                                      1.18 kB │ gzip:  0.60 kB
dist/assets/zh-D45Q2-UJ.js                                                                      1.18 kB │ gzip:  0.67 kB
dist/assets/sw-DTwseXDa.js                                                                      1.18 kB │ gzip:  0.59 kB
dist/assets/fa-EmFWPBNK.js                                                                      1.18 kB │ gzip:  0.59 kB
dist/assets/de-Dn0tGpg6.js                                                                      1.18 kB │ gzip:  0.61 kB
dist/assets/tr-c_We7dq_.js                                                                      1.18 kB │ gzip:  0.61 kB
dist/assets/cs-ms5vKMkW.js                                                                      1.18 kB │ gzip:  0.63 kB
dist/assets/vi-DUH0LrSX.js                                                                      1.19 kB │ gzip:  0.58 kB
dist/assets/ro-BOousE7o.js                                                                      1.20 kB │ gzip:  0.60 kB
dist/assets/zh-TW-CMnHypJU.js                                                                   1.20 kB │ gzip:  0.67 kB
dist/assets/fr-CTlugEad.js                                                                      1.20 kB │ gzip:  0.61 kB
dist/assets/ur-BmbPBluN.js                                                                      1.21 kB │ gzip:  0.60 kB
dist/assets/he-DT1KqdXP.js                                                                      1.21 kB │ gzip:  0.56 kB
dist/assets/hu-Bx8x_Xc7.js                                                                      1.21 kB │ gzip:  0.63 kB
dist/assets/en-a7Qh6zXS.js                                                                      1.22 kB │ gzip:  0.57 kB
dist/assets/uk-BB1SRxeq.js                                                                      1.23 kB │ gzip:  0.65 kB
dist/assets/he-ChoV4FL3.js                                                                      1.23 kB │ gzip:  0.63 kB
dist/assets/vi-PYwfR50d.js                                                                      1.24 kB │ gzip:  0.66 kB
dist/assets/ru-DZBIcAe5.js                                                                      1.24 kB │ gzip:  0.61 kB
dist/assets/ru-uk_uAhvl.js                                                                      1.24 kB │ gzip:  0.66 kB
dist/assets/ko-C0kupUdm.js                                                                      1.25 kB │ gzip:  0.68 kB
dist/assets/uk-CB-CfYKK.js                                                                      1.25 kB │ gzip:  0.62 kB
dist/assets/th-uhKtnvPA.js                                                                      1.26 kB │ gzip:  0.60 kB
dist/assets/el-CzsfrJm6.js                                                                      1.27 kB │ gzip:  0.63 kB
dist/assets/ja-OQHKxrKd.js                                                                      1.27 kB │ gzip:  0.69 kB
dist/assets/vite-preload-helper-bFjQlsqE.js                                                     1.29 kB │ gzip:  0.73 kB
dist/assets/hi-CbPv7lVJ.js                                                                      1.30 kB │ gzip:  0.61 kB
dist/assets/el-Ca4OE4Cc.js                                                                      1.31 kB │ gzip:  0.70 kB
dist/assets/bn-Dktuvz5E.js                                                                      1.32 kB │ gzip:  0.61 kB
dist/assets/fa-C1R_WzZ3.js                                                                      1.33 kB │ gzip:  0.69 kB
dist/assets/th-B9OYRfjC.js                                                                      1.34 kB │ gzip:  0.65 kB
dist/assets/ar-CV0ZZotq.js                                                                      1.35 kB │ gzip:  0.68 kB
dist/assets/ur-C1p53Z7l.js                                                                      1.37 kB │ gzip:  0.70 kB
dist/assets/shadowDom-B5NoXftC.js                                                               1.37 kB │ gzip:  0.78 kB
dist/assets/el-CHyi8y92.js                                                                      1.38 kB │ gzip:  0.72 kB
dist/assets/ta-DwdjztJy.js                                                                      1.38 kB │ gzip:  0.61 kB
dist/assets/uk-C6YiMPcO.js                                                                      1.39 kB │ gzip:  0.69 kB
dist/assets/ru-Bcfi-Boc.js                                                                      1.40 kB │ gzip:  0.69 kB
dist/assets/bn-DgrY3utN.js                                                                      1.45 kB │ gzip:  0.66 kB
dist/assets/ta-CdOO6tkP.js                                                                      1.49 kB │ gzip:  0.67 kB
dist/assets/hi-Dkok-ePm.js                                                                      1.52 kB │ gzip:  0.68 kB
dist/assets/th-Cq144U0p.js                                                                      1.54 kB │ gzip:  0.74 kB
dist/assets/FeedbackElements-CCMaN6Oo.js                                                        1.64 kB │ gzip:  0.71 kB
dist/assets/hi-avmuwKzM.js                                                                      1.65 kB │ gzip:  0.74 kB
dist/assets/bn-CuFsxMFd.js                                                                      1.71 kB │ gzip:  0.75 kB
dist/assets/ta-BWhEUFiA.js                                                                      1.73 kB │ gzip:  0.72 kB
dist/assets/LayoutElements-BV_ShT-G.js                                                          1.83 kB │ gzip:  0.80 kB
dist/assets/store-WNe4iiYk.js                                                                   1.87 kB │ gzip:  0.66 kB
dist/assets/hostInit-C1gBxbPf.js                                                                2.25 kB │ gzip:  1.09 kB
dist/assets/composite-DuL7ndSa.js                                                               2.29 kB │ gzip:  0.83 kB
dist/assets/virtualExposes-BWa5de68.js                                                          2.70 kB │ gzip:  0.87 kB
dist/assets/en-CZA5hgJg.js                                                                      2.73 kB │ gzip:  1.00 kB
dist/assets/id-dobeyKUq.js                                                                      2.73 kB │ gzip:  1.01 kB
dist/assets/ms-Dxo5V8QO.js                                                                      2.73 kB │ gzip:  1.01 kB
dist/assets/zh-DVKAkMe3.js                                                                      2.73 kB │ gzip:  1.13 kB
dist/assets/no-D94j7jwI.js                                                                      2.74 kB │ gzip:  1.02 kB
dist/assets/zh-TW-B0F3AXRx.js                                                                   2.74 kB │ gzip:  1.14 kB
dist/assets/da-DL1WX91h.js                                                                      2.75 kB │ gzip:  1.01 kB
dist/assets/nl-BeWYff2m.js                                                                      2.76 kB │ gzip:  1.02 kB
dist/assets/tr-iRmMiVwA.js                                                                      2.76 kB │ gzip:  1.05 kB
dist/assets/sw-DWrpRLUD.js                                                                      2.76 kB │ gzip:  1.03 kB
dist/assets/sv-BvobHunH.js                                                                      2.77 kB │ gzip:  1.04 kB
dist/assets/cs-Cc67Oai7.js                                                                      2.77 kB │ gzip:  1.07 kB
dist/assets/it-DbZCZJ0_.js                                                                      2.78 kB │ gzip:  1.03 kB
dist/assets/pl-CTAecGTt.js                                                                      2.78 kB │ gzip:  1.07 kB
dist/assets/ro-DX93qONj.js                                                                      2.78 kB │ gzip:  1.05 kB
dist/assets/tl-BmvmF0-I.js                                                                      2.78 kB │ gzip:  1.02 kB
dist/assets/pt-tkhJPxm9.js                                                                      2.78 kB │ gzip:  1.05 kB
dist/assets/hu-Do5Dj5gI.js                                                                      2.80 kB │ gzip:  1.10 kB
dist/assets/useHostDirection-CKQi_HJD.js                                                        2.81 kB │ gzip:  1.45 kB
dist/assets/fi-B6Qw4qBa.js                                                                      2.81 kB │ gzip:  1.07 kB
dist/assets/es-CsYfw9MS.js                                                                      2.82 kB │ gzip:  1.04 kB
dist/assets/vi-BkzBSjLt.js                                                                      2.82 kB │ gzip:  1.11 kB
dist/assets/fr-kRbrNylE.js                                                                      2.82 kB │ gzip:  1.06 kB
dist/assets/de-DPChbUjl.js                                                                      2.83 kB │ gzip:  1.06 kB
dist/assets/ko-DUjCGTpM.js                                                                      2.83 kB │ gzip:  1.17 kB
dist/assets/he-j086qzfr.js                                                                      2.88 kB │ gzip:  1.09 kB
dist/assets/ja-B79quAtM.js                                                                      2.89 kB │ gzip:  1.17 kB
dist/assets/ur-DGcbQKtm.js                                                                      2.90 kB │ gzip:  1.16 kB
dist/assets/fa-CHbuQPn0.js                                                                      2.94 kB │ gzip:  1.14 kB
dist/assets/ar-wRyjSZww.js                                                                      2.97 kB │ gzip:  1.16 kB
dist/assets/uk-DT0_KMhk.js                                                                      3.03 kB │ gzip:  1.19 kB
dist/assets/ru-C6Ozl8Pr.js                                                                      3.05 kB │ gzip:  1.20 kB
dist/assets/useCompositeItem-BJoMVgj-.js                                                        3.07 kB │ gzip:  1.41 kB
dist/assets/el-Epmw0EKI.js                                                                      3.08 kB │ gzip:  1.22 kB
dist/assets/hi-BqPOCqwn.js                                                                      3.16 kB │ gzip:  1.21 kB
dist/assets/index-BfqPRNwg.js                                                                   3.18 kB │ gzip:  1.48 kB
dist/assets/bn-C_omUdgp.js                                                                      3.19 kB │ gzip:  1.19 kB
dist/assets/th-DYBqXrss.js                                                                      3.34 kB │ gzip:  1.22 kB
dist/assets/ta-BuNcZZgS.js                                                                      3.37 kB │ gzip:  1.18 kB
dist/assets/CompositeRoot-BHUrenva.js                                                           3.94 kB │ gzip:  1.79 kB
dist/assets/lifecycle-widgets-host-Dv6Z-nL1.js                                                  5.23 kB │ gzip:  2.15 kB
dist/assets/field-C1wt36Sg.js                                                                   6.22 kB │ gzip:  2.66 kB
dist/assets/lifecycle-helloworld-Crtjd8Xw.js                                                    6.33 kB │ gzip:  1.89 kB
dist/assets/lifecycle-theme-BUAoXtOn.js                                                         6.96 kB │ gzip:  1.75 kB
dist/assets/CompositeItem-CvbOYoAV.js                                                           9.13 kB │ gzip:  3.93 kB
dist/assets/NavigationElements-Dgpj0MPH.js                                                     10.17 kB │ gzip:  3.81 kB
dist/assets/lifecycle-profile-CsVq32iu.js                                                      10.87 kB │ gzip:  3.30 kB
dist/assets/OverlayElements-BrdADxMm.js                                                        11.73 kB │ gzip:  4.21 kB
dist/assets/safePolygon-CNrD8z6o.js                                                            12.64 kB │ gzip:  4.52 kB
dist/remoteEntry.js                                                                            13.36 kB │ gzip:  4.75 kB
dist/assets/popupStateMapping-BRNaJyr1.js                                                      14.94 kB │ gzip:  5.42 kB
dist/assets/useOpenInteractionType-ChLkpPU8.js                                                 15.11 kB │ gzip:  5.96 kB
dist/assets/DataDisplayElements-CaTecZb0.js                                                    18.45 kB │ gzip:  6.63 kB
dist/assets/kitThemeScope-CyvstABI.js                                                          19.15 kB │ gzip:  6.80 kB
dist/assets/usePositioner-Z3MYcVKF.js                                                          29.27 kB │ gzip: 11.22 kB
dist/assets/ActionElements-BQ9DqsY8.js                                                         32.42 kB │ gzip: 10.51 kB
dist/assets/FormElements-DggkIJy5.js                                                           50.69 kB │ gzip: 17.49 kB
dist/assets/lifecycle-uikit-DcAESe8V.js                                                        52.51 kB │ gzip: 17.58 kB
dist/assets/index-BEDcFE4N.js                                                                  61.99 kB │ gzip: 18.88 kB
✓ built in 8.89s
[frontx-mf-gts] Building shared deps as standalone ESM...
  [frontx-mf-gts] react -> react.js (standalone)
  [frontx-mf-gts] react-dom -> react-dom.js (external: react)
  [frontx-mf-gts] @gears-frontx/react -> gears-frontx-react.js (external: @gears-frontx/framework, @tanstack/react-query, react, react-dom, react-redux)
  [frontx-mf-gts] @gears-frontx/framework -> gears-frontx-framework.js (external: @gears-frontx/state, @gears-frontx/mfes, @gears-frontx/gts-plugin, @gears-frontx/api, @gears-frontx/i18n, @reduxjs/toolkit)
  [frontx-mf-gts] @gears-frontx/state -> gears-frontx-state.js (external: @reduxjs/toolkit)
  [frontx-mf-gts] @gears-frontx/mfes -> gears-frontx-mfes.js (external: @gears-frontx/gts-plugin)
  [frontx-mf-gts] @gears-frontx/gts-plugin -> gears-frontx-gts-plugin.js (external: @gears-frontx/mfes)
  [frontx-mf-gts] @gears-frontx/api -> gears-frontx-api.js (standalone)
  [frontx-mf-gts] @gears-frontx/i18n -> gears-frontx-i18n.js (standalone)
  [frontx-mf-gts] @tanstack/react-query -> tanstack-react-query.js (external: react)
  [frontx-mf-gts] @reduxjs/toolkit -> reduxjs-toolkit.js (external: react, react-redux)
  [frontx-mf-gts] react-redux -> react-redux.js (external: react)
[frontx-mf-gts] Shared deps build complete.
[frontx-mf-gts] enriched /private/tmp/frontx-quickstart.x0H65i/consumer/src-app/mfe_packages/demo-mfe/dist/mfe-manifest.json
[frontx-mf-gts] repaired lifecycle chunk 'assets/lifecycle-uikit-DcAESe8V.js' — appended `export default Kr` for entry './lifecycle-uikit' (consolidated with sibling code)
vite v6.4.3 building for production...
transforming...
✓ 74 modules transformed.
rendering chunks...
[ Module Federation DTS ] Federated types created correctly
computing gzip size...
dist/index.html                                                                                         0.51 kB │ gzip:  0.34 kB
dist/mf-manifest.json                                                                                   0.67 kB │ gzip:  0.30 kB
dist/mf-stats.json                                                                                      1.62 kB │ gzip:  0.57 kB
dist/.vite/manifest.json                                                                                2.34 kB │ gzip:  0.46 kB
dist/assets/_virtual_mf-localSharedImportMap___mfe_internal__widgetsFixtureA__mf_owner__1-CU2tP-iO.js   0.09 kB │ gzip:  0.10 kB
dist/assets/virtualExposes-CcDFweoF.js                                                                  0.98 kB │ gzip:  0.59 kB
dist/assets/vite-preload-helper-bFjQlsqE.js                                                             1.29 kB │ gzip:  0.73 kB
dist/assets/hostInit-B6OfeyAC.js                                                                        2.27 kB │ gzip:  1.09 kB
dist/assets/lifecycle-CYEtryEY.js                                                                       3.96 kB │ gzip:  1.96 kB
dist/remoteEntry.js                                                                                    13.39 kB │ gzip:  4.76 kB
dist/assets/index-BEDcFE4N.js                                                                          61.99 kB │ gzip: 18.88 kB
✓ built in 4.13s
[frontx-mf-gts] Building shared deps as standalone ESM...
  [frontx-mf-gts] react -> react.js (standalone)
  [frontx-mf-gts] react-dom -> react-dom.js (external: react)
  [frontx-mf-gts] @gears-frontx/react -> gears-frontx-react.js (external: @gears-frontx/routing-tanstack, @gears-frontx/framework, @tanstack/react-query, react, react-dom, react-redux)
  [frontx-mf-gts] @gears-frontx/routing-tanstack -> gears-frontx-routing-tanstack.js (external: react, react-dom)
  [frontx-mf-gts] @gears-frontx/framework -> gears-frontx-framework.js (external: @gears-frontx/state, @gears-frontx/mfes, @gears-frontx/routing-tanstack, @gears-frontx/gts-plugin, @gears-frontx/api, @gears-frontx/i18n, @reduxjs/toolkit)
  [frontx-mf-gts] @gears-frontx/state -> gears-frontx-state.js (external: @reduxjs/toolkit)
  [frontx-mf-gts] @gears-frontx/mfes -> gears-frontx-mfes.js (external: @gears-frontx/gts-plugin)
  [frontx-mf-gts] @gears-frontx/gts-plugin -> gears-frontx-gts-plugin.js (external: @gears-frontx/mfes)
  [frontx-mf-gts] @gears-frontx/api -> gears-frontx-api.js (standalone)
  [frontx-mf-gts] @gears-frontx/i18n -> gears-frontx-i18n.js (standalone)
  [frontx-mf-gts] @tanstack/react-query -> tanstack-react-query.js (external: react)
  [frontx-mf-gts] @reduxjs/toolkit -> reduxjs-toolkit.js (external: react, react-redux)
  [frontx-mf-gts] react-redux -> react-redux.js (external: react)
[frontx-mf-gts] Shared deps build complete.
[frontx-mf-gts] enriched /private/tmp/frontx-quickstart.x0H65i/consumer/src-app/mfe_packages/widgets-fixture-a/dist/mfe-manifest.json
vite v6.4.3 building for production...
transforming...
✓ 74 modules transformed.
rendering chunks...
[ Module Federation DTS ] Federated types created correctly
computing gzip size...
dist/index.html                                                                                         0.51 kB │ gzip:  0.34 kB
dist/mf-manifest.json                                                                                   0.67 kB │ gzip:  0.30 kB
dist/mf-stats.json                                                                                      1.62 kB │ gzip:  0.57 kB
dist/.vite/manifest.json                                                                                2.34 kB │ gzip:  0.47 kB
dist/assets/_virtual_mf-localSharedImportMap___mfe_internal__widgetsFixtureB__mf_owner__1-CU2tP-iO.js   0.09 kB │ gzip:  0.10 kB
dist/assets/virtualExposes-CYQoDyM4.js                                                                  0.98 kB │ gzip:  0.59 kB
dist/assets/lifecycle-CiFXZXp_.js                                                                       1.28 kB │ gzip:  0.77 kB
dist/assets/vite-preload-helper-bFjQlsqE.js                                                             1.29 kB │ gzip:  0.73 kB
dist/assets/hostInit-D0mwGQnM.js                                                                        2.27 kB │ gzip:  1.09 kB
dist/remoteEntry.js                                                                                    13.39 kB │ gzip:  4.76 kB
dist/assets/index-BEDcFE4N.js                                                                          61.99 kB │ gzip: 18.88 kB
✓ built in 3.71s
[frontx-mf-gts] Building shared deps as standalone ESM...
  [frontx-mf-gts] react -> react.js (standalone)
  [frontx-mf-gts] react-dom -> react-dom.js (external: react)
  [frontx-mf-gts] @gears-frontx/react -> gears-frontx-react.js (external: @gears-frontx/framework, @tanstack/react-query, react, react-dom, react-redux)
  [frontx-mf-gts] @gears-frontx/framework -> gears-frontx-framework.js (external: @gears-frontx/state, @gears-frontx/mfes, @gears-frontx/gts-plugin, @gears-frontx/api, @gears-frontx/i18n, @reduxjs/toolkit)
  [frontx-mf-gts] @gears-frontx/state -> gears-frontx-state.js (external: @reduxjs/toolkit)
  [frontx-mf-gts] @gears-frontx/mfes -> gears-frontx-mfes.js (external: @gears-frontx/gts-plugin)
  [frontx-mf-gts] @gears-frontx/gts-plugin -> gears-frontx-gts-plugin.js (external: @gears-frontx/mfes)
  [frontx-mf-gts] @gears-frontx/api -> gears-frontx-api.js (standalone)
  [frontx-mf-gts] @gears-frontx/i18n -> gears-frontx-i18n.js (standalone)
  [frontx-mf-gts] @tanstack/react-query -> tanstack-react-query.js (external: react)
  [frontx-mf-gts] @reduxjs/toolkit -> reduxjs-toolkit.js (external: react, react-redux)
  [frontx-mf-gts] react-redux -> react-redux.js (external: react)
[frontx-mf-gts] Shared deps build complete.
[frontx-mf-gts] enriched /private/tmp/frontx-quickstart.x0H65i/consumer/src-app/mfe_packages/widgets-fixture-b/dist/mfe-manifest.json

✅ All MFE packages built successfully.


> @gears-frontx/frontx-template-shell@0.1.0-alpha.5 generate:mfe-manifests
> npx tsx scripts/generate-mfe-manifests.ts

Found 4 MFE package(s):
  - _blank-mfe
  - demo-mfe
  - widgets-fixture-a
  - widgets-fixture-b

Generated /private/tmp/frontx-quickstart.x0H65i/consumer/public/generated-mfe-manifests.json
[Module Federation] Ignoring `output.manualChunks` because it conflicts with module federation. Module federation transforms shared dependency imports with async init wrappers, and grouping these transformed modules into a single chunk creates circular async dependencies that cause the application to silently hang.
vite v6.4.3 building for production...
transforming...
✓ 6571 modules transformed.
rendering chunks...
computing gzip size...
dist/assets/mf-entry-bootstrap-0-891a515f.js                                                                                              1.35 kB
dist/index.html                                                                                                                           1.71 kB │ gzip:   0.56 kB
dist/assets/index-CTrmd5al.css                                                                                                           33.56 kB │ gzip:   7.04 kB
dist/assets/virtualExposes-_ivNhQLP.js                                                                                                    0.05 kB │ gzip:   0.07 kB
dist/assets/vite-preload-helper-BlTxHScW.js                                                                                               1.11 kB │ gzip:   0.65 kB
dist/assets/hostInit-DhLR6nVS.js                                                                                                          2.34 kB │ gzip:   1.12 kB
dist/assets/_virtual_mf-localSharedImportMap___mfe_internal__host__mf_owner__1-KPFWQmnd.js                                                3.01 kB │ gzip:   0.69 kB
dist/assets/_virtual_mf___mfe_internal__host__mf_owner__1__loadShare__react_mf_2_dom__loadShare__.js-Bkcq2RaK.js                          3.01 kB │ gzip:   1.26 kB
dist/assets/_virtual_mf___mfe_internal__host__mf_owner__1__loadShare__react_mf_1_jsx_mf_2_runtime__loadShare__.js-BPH3ONZ0.js             3.40 kB │ gzip:   1.45 kB
dist/assets/__virtual_mf___mfe_internal__host__mf_owner__1__loadShare__react__loadShare__.js_commonjs-proxy-C-4CkGv5.js                   4.43 kB │ gzip:   1.73 kB
dist/assets/__virtual_mf___mfe_internal__host__mf_owner__1__loadShare__react_mf_2_dom__loadShare__.js_commonjs-proxy-B-mdAFty.js          7.24 kB │ gzip:   2.67 kB
dist/assets/_virtual_mf___mfe_internal__host__mf_owner__1__loadShare__react__loadShare__.js-Cla0tab4.js                                  14.42 kB │ gzip:   5.16 kB
dist/assets/remoteEntry-CtjKcca5.js                                                                                                      14.59 kB │ gzip:   5.34 kB
dist/assets/_virtual_mf___mfe_internal__host__mf_owner__1__loadShare___mf_0_tanstack_mf_1_react_mf_2_query__loadShare__.js-CNFsw9K6.js   52.14 kB │ gzip:  15.32 kB
dist/assets/index-COpJWj9b.js                                                                                                            62.08 kB │ gzip:  18.93 kB
dist/assets/_virtual_mf___mfe_internal__host__mf_owner__1__loadShare__react_mf_2_dom_mf_1_client__loadShare__.js-DegGGWEq.js            183.72 kB │ gzip:  57.79 kB
dist/assets/index-BunYw4m5.js                                                                                                           787.76 kB │ gzip: 250.05 kB

(!) Some chunks are larger than 500 kB after minification. Consider:
- Using dynamic import() to code-split the application
- Use build.rollupOptions.output.manualChunks to improve chunking: https://rollupjs.org/configuration-options/#output-manualchunks
- Adjust chunk size limit for this warning via build.chunkSizeWarningLimit.
✓ built in 7.40s
