
> @gears-frontx/frontx-template-shell@0.1.0-alpha.5 build
> npm run build:mfes && npm run generate:mfe-manifests && vite build


> @gears-frontx/frontx-template-shell@0.1.0-alpha.5 prebuild:mfes
> npm run build:packages


> @gears-frontx/frontx-template-shell@0.1.0-alpha.5 prebuild:packages
> npm run build:package


> @gears-frontx/frontx-template-shell@0.1.0-alpha.5 build:package
> tsup

CLI Building entry: {"index":"src/index.ts","build/mf-gts":"src/build/mf-gts.ts"}
CLI Using tsconfig: tsconfig.json
CLI tsup v8.5.1
CLI Using tsup config: /private/tmp/frontx-quickstart.x0H65i/consumer/tsup.config.ts
CLI Target: es2022
CLI Cleaning output folder
CJS Build start
ESM Build start
ESM dist-lib/index.js            12.63 KB
ESM dist-lib/build/mf-gts.js     30.57 KB
ESM dist-lib/index.js.map        27.36 KB
ESM dist-lib/build/mf-gts.js.map 76.01 KB
ESM ⚡️ Build success in 116ms
CJS dist-lib/index.cjs            13.85 KB
CJS dist-lib/build/mf-gts.cjs     32.81 KB
CJS dist-lib/index.cjs.map        27.76 KB
CJS dist-lib/build/mf-gts.cjs.map 76.10 KB
CJS ⚡️ Build success in 118ms
DTS Build start
DTS ⚡️ Build success in 2764ms
DTS dist-lib/build/mf-gts.d.cts 13.29 KB
DTS dist-lib/index.d.cts        8.36 KB
DTS dist-lib/build/mf-gts.d.ts  13.29 KB
DTS dist-lib/index.d.ts         8.36 KB

> @gears-frontx/frontx-template-shell@0.1.0-alpha.5 build:packages
> npm run build:packages:auth && npm run build:packages:state && npm run build:packages:i18n && npm run build:packages:framework && npm run build:packages:react && npm run build:packages:studio


> @gears-frontx/frontx-template-shell@0.1.0-alpha.5 build:packages:auth
> npm run build --workspace=@gears-frontx/auth


> @gears-frontx/auth@0.2.0-alpha.2 build
> tsup

CLI Building entry: {"index":"src/index.ts","types":"src/types.ts"}
CLI Using tsconfig: tsconfig.json
CLI tsup v8.5.1
CLI Using tsup config: /private/tmp/frontx-quickstart.x0H65i/consumer/packages/auth/tsup.config.ts
CLI Target: es2022
CLI Cleaning output folder
CJS Build start
ESM Build start
ESM dist/index.js     33.00 B
ESM dist/types.js     33.00 B
ESM dist/index.js.map 71.00 B
ESM dist/types.js.map 71.00 B
ESM ⚡️ Build success in 38ms
CJS dist/index.cjs     788.00 B
CJS dist/types.cjs     792.00 B
CJS dist/index.cjs.map 897.00 B
CJS dist/types.cjs.map 9.83 KB
CJS ⚡️ Build success in 39ms
DTS Build start
DTS ⚡️ Build success in 2074ms
DTS dist/types.d.cts 7.72 KB
DTS dist/index.d.cts 666.00 B
DTS dist/types.d.ts  7.72 KB
DTS dist/index.d.ts  665.00 B

> @gears-frontx/frontx-template-shell@0.1.0-alpha.5 build:packages:state
> npm run build --workspace=@gears-frontx/state


> @gears-frontx/state@0.2.0-alpha.1 build
> tsup

CLI Building entry: src/index.ts, src/types.ts
CLI Using tsconfig: tsconfig.json
CLI tsup v8.5.1
CLI Using tsup config: /private/tmp/frontx-quickstart.x0H65i/consumer/packages/state/tsup.config.ts
CLI Target: es2022
CLI Cleaning output folder
ESM Build start
CJS Build start
CJS dist/index.cjs     7.43 KB
CJS dist/types.cjs     792.00 B
CJS dist/index.cjs.map 23.08 KB
CJS dist/types.cjs.map 13.58 KB
CJS ⚡️ Build success in 46ms
ESM dist/types.js     33.00 B
ESM dist/index.js     6.10 KB
ESM dist/types.js.map 71.00 B
ESM dist/index.js.map 22.97 KB
ESM ⚡️ Build success in 46ms
DTS Build start
DTS ⚡️ Build success in 1558ms
DTS dist/index.d.ts  5.62 KB
DTS dist/types.d.ts  10.65 KB
DTS dist/index.d.cts 5.63 KB
DTS dist/types.d.cts 10.65 KB

> @gears-frontx/frontx-template-shell@0.1.0-alpha.5 build:packages:i18n
> npm run build --workspace=@gears-frontx/i18n


> @gears-frontx/i18n@0.2.0-alpha.1 build
> tsup

CLI Building entry: {"index":"src/index.ts","types":"src/types.ts"}
CLI Using tsconfig: tsconfig.json
CLI tsup v8.5.1
CLI Using tsup config: /private/tmp/frontx-quickstart.x0H65i/consumer/packages/i18n/tsup.config.ts
CLI Target: es2022
CLI Cleaning output folder
CJS Build start
ESM Build start
CJS dist/index.cjs     28.45 KB
CJS dist/types.cjs     3.32 KB
CJS dist/index.cjs.map 61.43 KB
CJS dist/types.cjs.map 10.82 KB
CJS ⚡️ Build success in 31ms
ESM dist/types.js     1.99 KB
ESM dist/index.js     26.44 KB
ESM dist/types.js.map 10.75 KB
ESM dist/index.js.map 59.80 KB
ESM ⚡️ Build success in 35ms
DTS Build start
DTS ⚡️ Build success in 1367ms
DTS dist/index.d.cts 11.21 KB
DTS dist/types.d.cts 8.19 KB
DTS dist/index.d.ts  11.21 KB
DTS dist/types.d.ts  8.19 KB

> @gears-frontx/frontx-template-shell@0.1.0-alpha.5 build:packages:framework
> npm run build --workspace=@gears-frontx/framework


> @gears-frontx/framework@0.2.0-alpha.10 build
> tsup

CLI Building entry: {"index":"src/index.ts","types":"src/types.ts","testing":"src/testing.ts","internal":"src/internal.ts"}
CLI Using tsconfig: tsconfig.json
CLI tsup v8.5.1
CLI Using tsup config: /private/tmp/frontx-quickstart.x0H65i/consumer/packages/framework/tsup.config.ts
CLI Target: es2022
CLI Cleaning output folder
CJS Build start
ESM Build start
ESM dist/index.js              58.45 KB
ESM dist/chunk-D3LRZABL.js     22.49 KB
ESM dist/types.js              33.00 B
ESM dist/chunk-AZ2BNYUN.js     28.65 KB
ESM dist/internal.js           375.00 B
ESM dist/testing.js            8.12 KB
ESM dist/chunk-D3LRZABL.js.map 48.70 KB
ESM dist/testing.js.map        19.96 KB
ESM dist/chunk-AZ2BNYUN.js.map 60.03 KB
ESM dist/types.js.map          71.00 B
ESM dist/internal.js.map       71.00 B
ESM dist/index.js.map          172.57 KB
ESM ⚡️ Build success in 242ms
CJS dist/chunk-BXLLQYXW.cjs     24.24 KB
CJS dist/internal.cjs           609.00 B
CJS dist/types.cjs              47.00 B
CJS dist/testing.cjs            10.66 KB
CJS dist/index.cjs              64.10 KB
CJS dist/chunk-QM256SIC.cjs     31.64 KB
CJS dist/internal.cjs.map       322.00 B
CJS dist/testing.cjs.map        23.21 KB
CJS dist/types.cjs.map          227.00 B
CJS dist/chunk-BXLLQYXW.cjs.map 46.08 KB
CJS dist/index.cjs.map          161.34 KB
CJS dist/chunk-QM256SIC.cjs.map 54.03 KB
CJS ⚡️ Build success in 245ms
DTS Build start
DTS ⚡️ Build success in 3357ms
DTS dist/types.d.cts                          15.06 KB
DTS dist/testing.d.cts                        4.38 KB
DTS dist/index.d.cts                          45.28 KB
DTS dist/internal.d.cts                       336.00 B
DTS dist/TestContainerProvider-BppEeMOy.d.cts 3.43 KB
DTS dist/internal-Cfn7Lb73.d.cts              6.96 KB
DTS dist/types.d.ts                           15.06 KB
DTS dist/testing.d.ts                         4.37 KB
DTS dist/index.d.ts                           45.28 KB
DTS dist/internal.d.ts                        335.00 B
DTS dist/TestContainerProvider-dunc2KlI.d.ts  3.43 KB
DTS dist/internal-Cfn7Lb73.d.ts               6.96 KB

> @gears-frontx/frontx-template-shell@0.1.0-alpha.5 build:packages:react
> npm run build --workspace=@gears-frontx/react


> @gears-frontx/react@0.2.0-alpha.10 build
> tsup

CLI Building entry: {"index":"src/index.ts","testing":"src/testing.ts","types":"src/types.ts"}
CLI Using tsconfig: tsconfig.json
CLI tsup v8.5.1
CLI Using tsup config: /private/tmp/frontx-quickstart.x0H65i/consumer/packages/react/tsup.config.ts
CLI Target: es2022
CLI Cleaning output folder
CJS Build start
ESM Build start
ESM dist/testing.js     1.55 KB
ESM dist/index.js       54.38 KB
ESM dist/types.js       33.00 B
ESM dist/testing.js.map 30.70 KB
ESM dist/index.js.map   190.53 KB
ESM dist/types.js.map   71.00 B
ESM ⚡️ Build success in 60ms
CJS dist/testing.cjs     3.23 KB
CJS dist/types.cjs       792.00 B
CJS dist/index.cjs       64.30 KB
CJS dist/testing.cjs.map 30.61 KB
CJS dist/types.cjs.map   7.95 KB
CJS dist/index.cjs.map   189.02 KB
CJS ⚡️ Build success in 62ms
DTS Build start
DTS ⚡️ Build success in 2550ms
DTS dist/index.d.cts            51.67 KB
DTS dist/types.d.cts            512.00 B
DTS dist/testing.d.cts          340.00 B
DTS dist/types-JtpziA_B.d.cts   6.97 KB
DTS dist/testing-Dlmfu6tE.d.cts 2.86 KB
DTS dist/index.d.ts             51.67 KB
DTS dist/types.d.ts             511.00 B
DTS dist/testing.d.ts           339.00 B
DTS dist/types-JtpziA_B.d.ts    6.97 KB
DTS dist/testing-Dlmfu6tE.d.ts  2.86 KB

> @gears-frontx/frontx-template-shell@0.1.0-alpha.5 build:packages:studio
> npm run build --workspace=@gears-frontx/studio


> @gears-frontx/studio@0.2.0-alpha.2 build
> tsup

CLI Building entry: src/index.ts
CLI Using tsconfig: tsconfig.json
CLI tsup v8.5.1
CLI Using tsup config: /private/tmp/frontx-quickstart.x0H65i/consumer/packages/studio/tsup.config.ts
CLI Target: es2020
CLI Cleaning output folder
ESM Build start
CJS Build start
ESM dist/index.js     78.12 KB
ESM dist/index.js.map 130.30 KB
ESM ⚡️ Build success in 276ms
CJS dist/index.cjs     80.28 KB
CJS dist/index.cjs.map 130.73 KB
CJS ⚡️ Build success in 277ms
✓ Copied i18n files to dist
DTS Build start
DTS ⚡️ Build success in 2083ms
DTS dist/index.d.ts  3.02 KB
DTS dist/index.d.cts 3.02 KB

> @gears-frontx/frontx-template-shell@0.1.0-alpha.5 build:mfes
> npx tsx scripts/build-mfes.ts

node:net:1918
      const error = new UVExceptionWithHostPort(rval, 'listen', address, port);
                    ^

Error: listen EPERM: operation not permitted /var/folders/km/dwbrvmd969z_p3jr9bb1j4yc0000gn/T/tsx-501/49094.pipe
    at Server.setupListenHandle [as _listen2] (node:net:1918:21)
    at listenInCluster (node:net:1997:12)
    at Server.listen (node:net:2119:5)
    at file:///private/tmp/frontx-quickstart.x0H65i/consumer/node_modules/tsx/dist/cli.mjs:53:31537
    at new Promise (<anonymous>)
    at createIpcServer (file:///private/tmp/frontx-quickstart.x0H65i/consumer/node_modules/tsx/dist/cli.mjs:53:31515)
    at async file:///private/tmp/frontx-quickstart.x0H65i/consumer/node_modules/tsx/dist/cli.mjs:55:459 {
  code: 'EPERM',
  errno: -1,
  syscall: 'listen',
  address: '/var/folders/km/dwbrvmd969z_p3jr9bb1j4yc0000gn/T/tsx-501/49094.pipe',
  port: -1
}

Node.js v25.1.0
